three
four
five
six
seven
eight
nine
tenfour words.
