==> tests/inputs/ten.txt <==
ght
nine
ten
==> tests/inputs/empty.txt <==

==> tests/inputs/one.txt <==
our wordÅ›.

==> tests/inputs/three.txt <==
four words.

==> tests/inputs/two.txt <==
Four words.
